[ +209 ms] Artifact Instance of 'MaterialFonts' is not required, skipping update.
[        ] Artifact Instance of 'GradleWrapper' is not required, skipping update.
[        ] Artifact Instance of 'AndroidGenSnapshotArtifacts' is not required, skipping update.
[        ] Artifact Instance of 'AndroidInternalBuildArtifacts' is not required, skipping update.
[        ] Artifact Instance of 'IOSEngineArtifacts' is not required, skipping update.
[        ] Artifact Instance of 'FlutterWebSdk' is not required, skipping update.
[   +1 ms] Artifact Instance of 'LegacyCanvasKitRemover' is not required, skipping update.
[        ] Artifact Instance of 'FlutterSdk' is not required, skipping update.
[        ] Artifact Instance of 'WindowsEngineArtifacts' is not required, skipping update.
[        ] Artifact Instance of 'MacOSEngineArtifacts' is not required, skipping update.
[        ] Artifact Instance of 'LinuxEngineArtifacts' is not required, skipping update.
[        ] Artifact Instance of 'LinuxFuchsiaSDKArtifacts' is not required, skipping update.
[        ] Artifact Instance of 'MacOSFuchsiaSDKArtifacts' is not required, skipping update.
[        ] Artifact Instance of 'FlutterRunnerSDKArtifacts' is not required, skipping update.
[        ] Artifact Instance of 'FlutterRunnerDebugSymbols' is not required, skipping update.
[        ] Artifact Instance of 'IosUsbArtifacts' is not required, skipping update.
[        ] Artifact Instance of 'IosUsbArtifacts' is not required, skipping update.
[        ] Artifact Instance of 'IosUsbArtifacts' is not required, skipping update.
[        ] Artifact Instance of 'IosUsbArtifacts' is not required, skipping update.
[        ] Artifact Instance of 'IosUsbArtifacts' is not required, skipping update.
[        ] Artifact Instance of 'IosUsbArtifacts' is not required, skipping update.
[        ] Artifact Instance of 'FontSubsetArtifacts' is not required, skipping update.
[        ] Artifact Instance of 'PubDependencies' is not required, skipping update.
[        ] executing: [C:\Users\alida\Downloads\flutter/] git -c log.showSignature=false log HEAD -n 1 --pretty=format:%ad --date=iso
[  +65 ms] Exit code 0 from: git -c log.showSignature=false log HEAD -n 1 --pretty=format:%ad --date=iso
[        ] 2026-03-25 16:21:00 -0700
[  +17 ms] Artifact Instance of 'AndroidGenSnapshotArtifacts' is not required, skipping update.
[        ] Artifact Instance of 'AndroidInternalBuildArtifacts' is not required, skipping update.
[        ] Artifact Instance of 'IOSEngineArtifacts' is not required, skipping update.
[        ] Artifact Instance of 'FlutterWebSdk' is not required, skipping update.
[        ] Artifact Instance of 'FlutterEngineStamp' is not required, skipping update.
[        ] Artifact Instance of 'LegacyCanvasKitRemover' is not required, skipping update.
[   +3 ms] Artifact Instance of 'WindowsEngineArtifacts' is not required, skipping update.
[        ] Artifact Instance of 'MacOSEngineArtifacts' is not required, skipping update.
[        ] Artifact Instance of 'LinuxEngineArtifacts' is not required, skipping update.
[        ] Artifact Instance of 'LinuxFuchsiaSDKArtifacts' is not required, skipping update.
[        ] Artifact Instance of 'MacOSFuchsiaSDKArtifacts' is not required, skipping update.
[        ] Artifact Instance of 'FlutterRunnerSDKArtifacts' is not required, skipping update.
[        ] Artifact Instance of 'FlutterRunnerDebugSymbols' is not required, skipping update.
[  +58 ms] Artifact Instance of 'MaterialFonts' is not required, skipping update.
[        ] Artifact Instance of 'GradleWrapper' is not required, skipping update.
[        ] Artifact Instance of 'AndroidGenSnapshotArtifacts' is not required, skipping update.
[        ] Artifact Instance of 'AndroidInternalBuildArtifacts' is not required, skipping update.
[        ] Artifact Instance of 'IOSEngineArtifacts' is not required, skipping update.
[        ] Artifact Instance of 'FlutterWebSdk' is not required, skipping update.
[        ] Artifact Instance of 'FlutterEngineStamp' is not required, skipping update.
[        ] Artifact Instance of 'LegacyCanvasKitRemover' is not required, skipping update.
[        ] Artifact Instance of 'FlutterSdk' is not required, skipping update.
[   +2 ms] Artifact Instance of 'MacOSEngineArtifacts' is not required, skipping update.
[        ] Artifact Instance of 'LinuxEngineArtifacts' is not required, skipping update.
[        ] Artifact Instance of 'LinuxFuchsiaSDKArtifacts' is not required, skipping update.
[        ] Artifact Instance of 'MacOSFuchsiaSDKArtifacts' is not required, skipping update.
[        ] Artifact Instance of 'FlutterRunnerSDKArtifacts' is not required, skipping update.
[        ] Artifact Instance of 'FlutterRunnerDebugSymbols' is not required, skipping update.
[        ] Artifact Instance of 'IosUsbArtifacts' is not required, skipping update.
[        ] Artifact Instance of 'IosUsbArtifacts' is not required, skipping update.
[        ] Artifact Instance of 'IosUsbArtifacts' is not required, skipping update.
[        ] Artifact Instance of 'IosUsbArtifacts' is not required, skipping update.
[        ] Artifact Instance of 'IosUsbArtifacts' is not required, skipping update.
[        ] Artifact Instance of 'IosUsbArtifacts' is not required, skipping update.
[        ] Artifact Instance of 'FontSubsetArtifacts' is not required, skipping update.
[        ] Artifact Instance of 'PubDependencies' is not required, skipping update.
[  +12 ms] Skipping pub get: version match.
[ +121 ms] Found plugin sqflite at C:\Users\alida\AppData\Local\Pub\Cache\hosted\pub.dev\sqflite-2.4.2\
[  +10 ms] Found plugin sqflite_darwin at C:\Users\alida\AppData\Local\Pub\Cache\hosted\pub.dev\sqflite_darwin-2.4.2\
[   +3 ms] Found plugin sqflite_android at C:\Users\alida\AppData\Local\Pub\Cache\hosted\pub.dev\sqflite_android-2.4.2+3\
[   +3 ms] Found plugin share_plus at C:\Users\alida\AppData\Local\Pub\Cache\hosted\pub.dev\share_plus-10.1.4\
[   +6 ms] Found plugin url_launcher_windows at C:\Users\alida\AppData\Local\Pub\Cache\hosted\pub.dev\url_launcher_windows-3.1.5\
[   +4 ms] Found plugin url_launcher_web at C:\Users\alida\AppData\Local\Pub\Cache\hosted\pub.dev\url_launcher_web-2.4.2\
[   +3 ms] Found plugin url_launcher_linux at C:\Users\alida\AppData\Local\Pub\Cache\hosted\pub.dev\url_launcher_linux-3.2.2\
[   +7 ms] Found plugin path_provider at C:\Users\alida\AppData\Local\Pub\Cache\hosted\pub.dev\path_provider-2.1.5\
[   +2 ms] Found plugin path_provider_windows at C:\Users\alida\AppData\Local\Pub\Cache\hosted\pub.dev\path_provider_windows-2.3.0\
[   +3 ms] Found plugin path_provider_linux at C:\Users\alida\AppData\Local\Pub\Cache\hosted\pub.dev\path_provider_linux-2.2.1\
[   +3 ms] Found plugin path_provider_foundation at C:\Users\alida\AppData\Local\Pub\Cache\hosted\pub.dev\path_provider_foundation-2.6.0\
[   +8 ms] Found plugin path_provider_android at C:\Users\alida\AppData\Local\Pub\Cache\hosted\pub.dev\path_provider_android-2.3.1\
[   +2 ms] Found plugin jni_flutter at C:\Users\alida\AppData\Local\Pub\Cache\hosted\pub.dev\jni_flutter-1.0.1\
[   +2 ms] Found plugin jni at C:\Users\alida\AppData\Local\Pub\Cache\hosted\pub.dev\jni-1.0.0\
[  +14 ms] Found plugin firebase_core at C:\Users\alida\AppData\Local\Pub\Cache\hosted\pub.dev\firebase_core-3.15.2\
[   +2 ms] Found plugin firebase_core_web at C:\Users\alida\AppData\Local\Pub\Cache\hosted\pub.dev\firebase_core_web-2.24.1\
[   +3 ms] Found plugin firebase_auth at C:\Users\alida\AppData\Local\Pub\Cache\hosted\pub.dev\firebase_auth-5.7.0\
[   +2 ms] Found plugin firebase_auth_web at C:\Users\alida\AppData\Local\Pub\Cache\hosted\pub.dev\firebase_auth_web-5.15.3\
[   +9 ms] Found plugin cloud_firestore at C:\Users\alida\AppData\Local\Pub\Cache\hosted\pub.dev\cloud_firestore-5.6.12\
[   +2 ms] Found plugin cloud_firestore_web at C:\Users\alida\AppData\Local\Pub\Cache\hosted\pub.dev\cloud_firestore_web-4.4.12\
[  +77 ms] Found plugin sqflite at C:\Users\alida\AppData\Local\Pub\Cache\hosted\pub.dev\sqflite-2.4.2\
[   +4 ms] Found plugin sqflite_darwin at C:\Users\alida\AppData\Local\Pub\Cache\hosted\pub.dev\sqflite_darwin-2.4.2\
[   +1 ms] Found plugin sqflite_android at C:\Users\alida\AppData\Local\Pub\Cache\hosted\pub.dev\sqflite_android-2.4.2+3\
[   +1 ms] Found plugin share_plus at C:\Users\alida\AppData\Local\Pub\Cache\hosted\pub.dev\share_plus-10.1.4\
[   +3 ms] Found plugin url_launcher_windows at C:\Users\alida\AppData\Local\Pub\Cache\hosted\pub.dev\url_launcher_windows-3.1.5\
[   +2 ms] Found plugin url_launcher_web at C:\Users\alida\AppData\Local\Pub\Cache\hosted\pub.dev\url_launcher_web-2.4.2\
[   +2 ms] Found plugin url_launcher_linux at C:\Users\alida\AppData\Local\Pub\Cache\hosted\pub.dev\url_launcher_linux-3.2.2\
[   +4 ms] Found plugin path_provider at C:\Users\alida\AppData\Local\Pub\Cache\hosted\pub.dev\path_provider-2.1.5\
[   +1 ms] Found plugin path_provider_windows at C:\Users\alida\AppData\Local\Pub\Cache\hosted\pub.dev\path_provider_windows-2.3.0\
[   +2 ms] Found plugin path_provider_linux at C:\Users\alida\AppData\Local\Pub\Cache\hosted\pub.dev\path_provider_linux-2.2.1\
[   +2 ms] Found plugin path_provider_foundation at C:\Users\alida\AppData\Local\Pub\Cache\hosted\pub.dev\path_provider_foundation-2.6.0\
[   +2 ms] Found plugin path_provider_android at C:\Users\alida\AppData\Local\Pub\Cache\hosted\pub.dev\path_provider_android-2.3.1\
[   +1 ms] Found plugin jni_flutter at C:\Users\alida\AppData\Local\Pub\Cache\hosted\pub.dev\jni_flutter-1.0.1\
[   +1 ms] Found plugin jni at C:\Users\alida\AppData\Local\Pub\Cache\hosted\pub.dev\jni-1.0.0\
[  +10 ms] Found plugin firebase_core at C:\Users\alida\AppData\Local\Pub\Cache\hosted\pub.dev\firebase_core-3.15.2\
[   +1 ms] Found plugin firebase_core_web at C:\Users\alida\AppData\Local\Pub\Cache\hosted\pub.dev\firebase_core_web-2.24.1\
[   +2 ms] Found plugin firebase_auth at C:\Users\alida\AppData\Local\Pub\Cache\hosted\pub.dev\firebase_auth-5.7.0\
[   +1 ms] Found plugin firebase_auth_web at C:\Users\alida\AppData\Local\Pub\Cache\hosted\pub.dev\firebase_auth_web-5.15.3\
[   +5 ms] Found plugin cloud_firestore at C:\Users\alida\AppData\Local\Pub\Cache\hosted\pub.dev\cloud_firestore-5.6.12\
[   +1 ms] Found plugin cloud_firestore_web at C:\Users\alida\AppData\Local\Pub\Cache\hosted\pub.dev\cloud_firestore_web-4.4.12\
[  +14 ms] Skipping generating web_plugin_registrant.dart because it is up-to-date.
[  +50 ms] Found plugin sqflite at C:\Users\alida\AppData\Local\Pub\Cache\hosted\pub.dev\sqflite-2.4.2\
[   +4 ms] Found plugin sqflite_darwin at C:\Users\alida\AppData\Local\Pub\Cache\hosted\pub.dev\sqflite_darwin-2.4.2\
[   +1 ms] Found plugin sqflite_android at C:\Users\alida\AppData\Local\Pub\Cache\hosted\pub.dev\sqflite_android-2.4.2+3\
[   +1 ms] Found plugin share_plus at C:\Users\alida\AppData\Local\Pub\Cache\hosted\pub.dev\share_plus-10.1.4\
[   +2 ms] Found plugin url_launcher_windows at C:\Users\alida\AppData\Local\Pub\Cache\hosted\pub.dev\url_launcher_windows-3.1.5\
[   +2 ms] Found plugin url_launcher_web at C:\Users\alida\AppData\Local\Pub\Cache\hosted\pub.dev\url_launcher_web-2.4.2\
[   +2 ms] Found plugin url_launcher_linux at C:\Users\alida\AppData\Local\Pub\Cache\hosted\pub.dev\url_launcher_linux-3.2.2\
[   +4 ms] Found plugin path_provider at C:\Users\alida\AppData\Local\Pub\Cache\hosted\pub.dev\path_provider-2.1.5\
[   +1 ms] Found plugin path_provider_windows at C:\Users\alida\AppData\Local\Pub\Cache\hosted\pub.dev\path_provider_windows-2.3.0\
[   +2 ms] Found plugin path_provider_linux at C:\Users\alida\AppData\Local\Pub\Cache\hosted\pub.dev\path_provider_linux-2.2.1\
[   +2 ms] Found plugin path_provider_foundation at C:\Users\alida\AppData\Local\Pub\Cache\hosted\pub.dev\path_provider_foundation-2.6.0\
[   +2 ms] Found plugin path_provider_android at C:\Users\alida\AppData\Local\Pub\Cache\hosted\pub.dev\path_provider_android-2.3.1\
[   +1 ms] Found plugin jni_flutter at C:\Users\alida\AppData\Local\Pub\Cache\hosted\pub.dev\jni_flutter-1.0.1\
[   +1 ms] Found plugin jni at C:\Users\alida\AppData\Local\Pub\Cache\hosted\pub.dev\jni-1.0.0\
[   +9 ms] Found plugin firebase_core at C:\Users\alida\AppData\Local\Pub\Cache\hosted\pub.dev\firebase_core-3.15.2\
[   +1 ms] Found plugin firebase_core_web at C:\Users\alida\AppData\Local\Pub\Cache\hosted\pub.dev\firebase_core_web-2.24.1\
[   +2 ms] Found plugin firebase_auth at C:\Users\alida\AppData\Local\Pub\Cache\hosted\pub.dev\firebase_auth-5.7.0\
[   +1 ms] Found plugin firebase_auth_web at C:\Users\alida\AppData\Local\Pub\Cache\hosted\pub.dev\firebase_auth_web-5.15.3\
[   +3 ms] Found plugin cloud_firestore at C:\Users\alida\AppData\Local\Pub\Cache\hosted\pub.dev\cloud_firestore-5.6.12\
[   +1 ms] Found plugin cloud_firestore_web at C:\Users\alida\AppData\Local\Pub\Cache\hosted\pub.dev\cloud_firestore_web-4.4.12\
[   +6 ms] Generating C:\Users\alida\StudioProjects\hasoob_app\android\app\src\main\java\io\flutter\plugins\GeneratedPluginRegistrant.java
[   +1 ms] Skipping generating GeneratedPluginRegistrant.java because it is up-to-date.
[   +6 ms] Skipping generating generated_plugin_registrant.h because it is up-to-date.
[   +1 ms] Skipping generating generated_plugin_registrant.cc because it is up-to-date.
[   +1 ms] Skipping generating generated_plugins.cmake because it is up-to-date.
[   +2 ms] Skipping generating generated_plugin_registrant.h because it is up-to-date.
[   +1 ms] Skipping generating generated_plugin_registrant.cc because it is up-to-date.
[   +1 ms] Skipping generating generated_plugins.cmake because it is up-to-date.
[   +2 ms] Skipping generating GeneratedPluginRegistrant.h because it is up-to-date.
[   +1 ms] Skipping generating GeneratedPluginRegistrant.m because it is up-to-date.
[   +1 ms] Skipping generating GeneratedPluginRegistrant.swift because it is up-to-date.
[ +105 ms] executing: C:\Program Files (x86)\Microsoft Visual Studio\Installer\vswhere.exe -format json -products * -utf8 -latest -version 16 -requires Microsoft.VisualStudio.Workload.NativeDesktop Microsoft.VisualStudio.Component.VC.Tools.x86.x64 Microsoft.VisualStudio.Component.VC.CMake.Project
[  +62 ms] Exit code 0 from: C:\Program Files (x86)\Microsoft Visual Studio\Installer\vswhere.exe -format json -products * -utf8 -latest -version 16 -requires Microsoft.VisualStudio.Workload.NativeDesktop Microsoft.VisualStudio.Component.VC.Tools.x86.x64 Microsoft.VisualStudio.Component.VC.CMake.Project
[        ] [
             {
               "instanceId": "987a419f",
               "installDate": "2026-04-10T13:49:05Z",
               "installationName": "VisualStudio/18.4.3+11626.88",
               "installationPath": "C:\\Program Files\\Microsoft Visual Studio\\18\\Community",
               "installationVersion": "18.4.11626.88",
               "productId": "Microsoft.VisualStudio.Product.Community",
               "productPath": "C:\\Program Files\\Microsoft Visual Studio\\18\\Community\\Common7\\IDE\\devenv.exe",
               "state": 4294967295,
               "isComplete": true,
               "isLaunchable": true,
               "isPrerelease": false,
               "isRebootRequired": false,
               "displayName": "Visual Studio Community 2026",
               "description": "Everything you need to build modern apps ظô free for you, built for impact.",
               "channelId": "VisualStudio.18.Release",
               "channelUri": "https://aka.ms/vs/18/stable/channel",
               "enginePath": "C:\\Program Files (x86)\\Microsoft Visual Studio\\Installer\\resources\\app\\ServiceHub\\Services\\Microsoft.VisualStudio.Setup.Service",
               "expirationDate": "2026-06-24T17:00:00+00:00",
               "installedChannelId": "VisualStudio.18.Release",
               "installedChannelUri": "https://aka.ms/vs/18/stable/channel",
               "releaseNotes": "https://docs.microsoft.com/en-us/visualstudio/releases/18/release-notes-v18.4#18.4.3",
               "resolvedInstallationPath": "C:\\Program Files\\Microsoft Visual Studio\\18\\Community",
               "retirementDate": "2026-09-22T17:00:00+00:00",
               "thirdPartyNotices": "https://go.microsoft.com/fwlink/?LinkId=661480",
               "updateDate": "2026-04-10T13:49:05.6810387Z",
               "catalog": {
                 "buildBranch": "stable",
                 "buildVersion": "18.4.11626.88",
                 "featureReleaseMonth": "03",
                 "featureReleaseYear": "2026",
                 "id": "VisualStudio/18.4.3+11626.88",
                 "includeBuildVersionInDisplayVersion": "False",
                 "localBuild": "build-lab",
                 "manifestName": "VisualStudio",
                 "manifestType": "installer",
                 "productDisplayVersion": "18.4.3",
                 "productLine": "Dev18",
                 "productLineVersion": "18",
                 "productMilestone": "RTW",
                 "productMilestoneIsPreRelease": "False",
                 "productName": "Visual Studio",
                 "productPatchVersion": "3",
                 "productPreReleaseMilestoneSuffix": "1.0",
                 "productRelease": "RTW",
                 "productSemanticVersion": "18.4.3+11626.88",
                 "requiredEngineVersion": "4.4.38.63497"
               },
               "properties": {
                 "appLocalWPF": "false",
                 "campaignId": "2500:87e16659542547e8be030880680c8f83",
                 "channelManifestId": "VisualStudio.18.Release/18.4.3+11626.88",
                 "includeRecommended": "1",
                 "nickname": "",
                 "setupEngineFilePath": "C:\\Program Files (x86)\\Microsoft Visual Studio\\Installer\\setup.exe"
               }
             }
           ]
[   +6 ms] Building Windows application...
[   +9 ms] executing: C:\Program Files\Microsoft Visual Studio\18\Community\Common7\IDE\CommonExtensions\Microsoft\CMake\CMake\bin\cmake.exe -S C:\Users\alida\StudioProjects\hasoob_app\windows -B C:\Users\alida\StudioProjects\hasoob_app\build\windows\x64 -G Visual Studio 18 2026 -A x64 -DFLUTTER_TARGET_PLATFORM=windows-x64
[  +63 ms] -- Selecting Windows SDK version 10.0.26100.0 to target Windows 10.0.26200.
[  +42 ms] -- Using cached Firebase SDK zip file
[        ] -- Using cached extracted Firebase SDK
C:\Users\alida\Downloads\flutter\bin\flutter.bat : [  +15 ms] CMake Deprecation Warning at 
C:/Users/alida/StudioProjects/hasoob_app/build/windows/x64/extracted/firebase_cpp_sdk_windows/CMakeLists.txt:17 (cmake_minimum_required):
At line:1 char:1
+ C:\Users\alida\Downloads\flutter\bin\flutter.bat build windows -v > b ...
+ ~~~~~~~~~~~~~~~~~~~~~~~~~~~~~~~~~~~~~~~~~~~~~~~~~~~~~~~~~~~~~~~~~~~~~
    + CategoryInfo          : NotSpecified: ([  +15 ms] CMak...imum_required)::String) [], RemoteException
    + FullyQualifiedErrorId : NativeCommandError
 
[   +1 ms]   Compatibility with CMake < 3.10 will be removed from a future version of
[        ]   CMake.
[        ]   Update the VERSION argument <min> value.  Or, use the <min>...<max> syntax
[        ]   to tell CMake that the project requires at least <min> but has been updated
[        ]   to work with policies introduced by <max> or earlier.
[   +9 ms] -- Could NOT find PkgConfig (missing: PKG_CONFIG_EXECUTABLE) 
[  +86 ms] -- Could NOT find JNI (missing: JAVA_INCLUDE_PATH JAVA_INCLUDE_PATH2 JVM) 
[   +1 ms] -- Configuring done (0.2s)
[+1048 ms] -- Generating done (1.0s)
[  +17 ms] -- Build files have been written to: C:/Users/alida/StudioProjects/hasoob_app/build/windows/x64
[  +25 ms] executing: C:\Program Files\Microsoft Visual Studio\18\Community\Common7\IDE\CommonExtensions\Microsoft\CMake\CMake\bin\cmake.exe --build C:\Users\alida\StudioProjects\hasoob_app\build\windows\x64 --config Release --target INSTALL --verbose
[ +129 ms] Change Dir: 'C:/Users/alida/StudioProjects/hasoob_app/build/windows/x64'
[        ] Run Build Command(s): "C:/Program Files/Microsoft Visual Studio/18/Community/MSBuild/Current/Bin/amd64/MSBuild.exe" INSTALL.vcxproj /p:Configuration=Release /p:Platform=x64 /p:VisualStudioVersion=18.0 /v:n
[ +171 ms] MSBuild version 18.4.0+6e61e96ac for .NET Framework
[ +123 ms] Build started 10/04/2026 11:36:20 ي┐╜.
[ +242 ms] Project "C:\Users\alida\StudioProjects\hasoob_app\build\windows\x64\INSTALL.vcxproj" on node 1 (default targets).
[        ] Project "C:\Users\alida\StudioProjects\hasoob_app\build\windows\x64\INSTALL.vcxproj" (1) is building "C:\Users\alida\StudioProjects\hasoob_app\build\windows\x64\ZERO_CHECK.vcxproj" (2) on node 1 (default targets).
[        ] PrepareForBuild:
[        ]   Structured output is enabled. The formatting of compiler diagnostics will reflect the error hierarchy. See https://aka.ms/cpp/structured-output for more details.
[   +9 ms] InitializeBuildStatus:
[        ]   Creating "x64\Release\ZERO_CHECK\ZERO_CHECK.tlog\unsuccessfulbuild" because "AlwaysCreate" was specified.
[        ]   Touching "x64\Release\ZERO_CHECK\ZERO_CHECK.tlog\unsuccessfulbuild".
[  +23 ms] CustomBuild:
[        ]   All outputs are up-to-date.
[  +46 ms] FinalizeBuildStatus:
[        ]   Deleting file "x64\Release\ZERO_CHECK\ZERO_CHECK.tlog\unsuccessfulbuild".
[        ]   Touching "x64\Release\ZERO_CHECK\ZERO_CHECK.tlog\ZERO_CHECK.lastbuildstate".
[   +9 ms] Done Building Project "C:\Users\alida\StudioProjects\hasoob_app\build\windows\x64\ZERO_CHECK.vcxproj" (default targets).
[ +119 ms] Project "C:\Users\alida\StudioProjects\hasoob_app\build\windows\x64\INSTALL.vcxproj" (1) is building "C:\Users\alida\StudioProjects\hasoob_app\build\windows\x64\ALL_BUILD.vcxproj" (3) on node 1 (default targets).
[        ] Project "C:\Users\alida\StudioProjects\hasoob_app\build\windows\x64\ALL_BUILD.vcxproj" (3) is building "C:\Users\alida\StudioProjects\hasoob_app\build\windows\x64\plugins\cloud_firestore\cloud_firestore_plugin.vcxproj" (4) on node 1 (default targets).
[        ] Project "C:\Users\alida\StudioProjects\hasoob_app\build\windows\x64\plugins\cloud_firestore\cloud_firestore_plugin.vcxproj" (4) is building "C:\Users\alida\StudioProjects\hasoob_app\build\windows\x64\flutter\flutter_assemble.vcxproj" (5) on node 1 (default targets).
[        ] PrepareForBuild:
[        ]   Structured output is enabled. The formatting of compiler diagnostics will reflect the error hierarchy. See https://aka.ms/cpp/structured-output for more details.
[   +4 ms] InitializeBuildStatus:
[        ]   Creating "x64\Release\flutter_assemble\flutter_assemble.tlog\unsuccessfulbuild" because "AlwaysCreate" was specified.
[        ]   Touching "x64\Release\flutter_assemble\flutter_assemble.tlog\unsuccessfulbuild".
[   +7 ms] CustomBuild:
[        ]   "The build of 'C:\Users\alida\StudioProjects\hasoob_app\build\windows\x64\CMakeFiles\5ad46b61440d510226b31c66240289f9\flutter_assemble.rule' depends on 'C:\USERS\ALIDA\STUDIOPROJECTS\HASOOB_APP\WINDOWS\FLUTTER\EPHEMERAL\FLUTTER_WINDOWS.DLL' which is produced by the build of 'C:\Users\alida\StudioProjects\hasoob_app\build\windows\x64\CMakeFiles\85895024f67f2424d4c7b846d0091c0a\flutter_windows.dll.rule'. The items cannot be built in parallel."
[ +106 ms]   Generating C:/Users/alida/StudioProjects/hasoob_app/windows/flutter/ephemeral/flutter_windows.dll, C:/Users/alida/StudioProjects/hasoob_app/windows/flutter/ephemeral/flutter_export.h, C:/Users/alida/StudioProjects/hasoob_app/windows/flutter/ephemeral/flutter_windows.h, C:/Users/alida/StudioProjects/hasoob_app/windows/flutter/ephemeral/flutter_messenger.h, C:/Users/alida/StudioProjects/hasoob_app/windows/flutter/ephemeral/flutter_plugin_registrar.h, C:/Users/alida/StudioProjects/hasoob_app/windows/flutter/ephemeral/flutter_texture_registrar.h, C:/Users/alida/StudioProjects/hasoob_app/windows/flutter/ephemeral/cpp_client_wrapper/core_implementations.cc, C:/Users/alida/StudioProjects/hasoob_app/windows/flutter/ephemeral/cpp_client_wrapper/standard_codec.cc, C:/Users/alida/StudioProjects/hasoob_app/windows/flutter/ephemeral/cpp_client_wrapper/plugin_registrar.cc, C:/Users/alida/StudioProjects/hasoob_app/windows/flutter/ephemeral/cpp_client_wrapper/flutter_engine.cc, C:/Users/alida/StudioProjects/hasoob_app/windows/flutter/ephemeral/cpp_client_wrapper/flutter_view_controller.cc, _phony_
[+1443 ms]   [ +137 ms] Artifact Instance of 'MaterialFonts' is not required, skipping update.
[        ]   [        ] Artifact Instance of 'GradleWrapper' is not required, skipping update.
[        ]   [        ] Artifact Instance of 'AndroidGenSnapshotArtifacts' is not required, skipping update.
[        ]   [        ] Artifact Instance of 'AndroidInternalBuildArtifacts' is not required, skipping update.
[        ]   [        ] Artifact Instance of 'IOSEngineArtifacts' is not required, skipping update.
[        ]   [        ] Artifact Instance of 'FlutterWebSdk' is not required, skipping update.
[        ]   [   +1 ms] Artifact Instance of 'LegacyCanvasKitRemover' is not required, skipping update.
[        ]   [        ] Artifact Instance of 'FlutterSdk' is not required, skipping update.
[        ]   [        ] Artifact Instance of 'WindowsEngineArtifacts' is not required, skipping update.
[        ]   [        ] Artifact Instance of 'MacOSEngineArtifacts' is not required, skipping update.
[        ]   [        ] Artifact Instance of 'LinuxEngineArtifacts' is not required, skipping update.
[        ]   [        ] Artifact Instance of 'LinuxFuchsiaSDKArtifacts' is not required, skipping update.
[        ]   [        ] Artifact Instance of 'MacOSFuchsiaSDKArtifacts' is not required, skipping update.
[        ]   [   +1 ms] Artifact Instance of 'FlutterRunnerSDKArtifacts' is not required, skipping update.
[        ]   [        ] Artifact Instance of 'FlutterRunnerDebugSymbols' is not required, skipping update.
[        ]   [        ] Artifact Instance of 'IosUsbArtifacts' is not required, skipping update.
[        ]   [        ] Artifact Instance of 'IosUsbArtifacts' is not required, skipping update.
[        ]   [        ] Artifact Instance of 'IosUsbArtifacts' is not required, skipping update.
[        ]   [        ] Artifact Instance of 'IosUsbArtifacts' is not required, skipping update.
[        ]   [        ] Artifact Instance of 'IosUsbArtifacts' is not required, skipping update.
[        ]   [        ] Artifact Instance of 'IosUsbArtifacts' is not required, skipping update.
[        ]   [        ] Artifact Instance of 'FontSubsetArtifacts' is not required, skipping update.
[        ]   [        ] Artifact Instance of 'PubDependencies' is not required, skipping update.
[   +3 ms]   [  +14 ms] Artifact Instance of 'AndroidGenSnapshotArtifacts' is not required, skipping update.
[        ]   [        ] Artifact Instance of 'AndroidInternalBuildArtifacts' is not required, skipping update.
[        ]   [        ] Artifact Instance of 'IOSEngineArtifacts' is not required, skipping update.
[        ]   [        ] Artifact Instance of 'FlutterWebSdk' is not required, skipping update.
[        ]   [        ] Artifact Instance of 'FlutterEngineStamp' is not required, skipping update.
[        ]   [        ] Artifact Instance of 'LegacyCanvasKitRemover' is not required, skipping update.
[   +2 ms]   [   +3 ms] Artifact Instance of 'WindowsEngineArtifacts' is not required, skipping update.
[        ]   [        ] Artifact Instance of 'MacOSEngineArtifacts' is not required, skipping update.
[        ]   [        ] Artifact Instance of 'LinuxEngineArtifacts' is not required, skipping update.
[        ]   [        ] Artifact Instance of 'LinuxFuchsiaSDKArtifacts' is not required, skipping update.
[        ]   [        ] Artifact Instance of 'MacOSFuchsiaSDKArtifacts' is not required, skipping update.
[        ]   [        ] Artifact Instance of 'FlutterRunnerSDKArtifacts' is not required, skipping update.
[        ]   [        ] Artifact Instance of 'FlutterRunnerDebugSymbols' is not required, skipping update.
[  +77 ms]   [  +78 ms] Artifact Instance of 'MaterialFonts' is not required, skipping update.
[        ]   [        ] Artifact Instance of 'GradleWrapper' is not required, skipping update.
[        ]   [        ] Artifact Instance of 'AndroidGenSnapshotArtifacts' is not required, skipping update.
[        ]   [        ] Artifact Instance of 'AndroidInternalBuildArtifacts' is not required, skipping update.
[        ]   [        ] Artifact Instance of 'IOSEngineArtifacts' is not required, skipping update.
[        ]   [        ] Artifact Instance of 'FlutterWebSdk' is not required, skipping update.
[        ]   [        ] Artifact Instance of 'FlutterEngineStamp' is not required, skipping update.
[        ]   [        ] Artifact Instance of 'LegacyCanvasKitRemover' is not required, skipping update.
[        ]   [        ] Artifact Instance of 'FlutterSdk' is not required, skipping update.
[   +2 ms]   [   +3 ms] Artifact Instance of 'MacOSEngineArtifacts' is not required, skipping update.
[        ]   [        ] Artifact Instance of 'LinuxEngineArtifacts' is not required, skipping update.
[        ]   [        ] Artifact Instance of 'LinuxFuchsiaSDKArtifacts' is not required, skipping update.
[        ]   [        ] Artifact Instance of 'MacOSFuchsiaSDKArtifacts' is not required, skipping update.
[        ]   [        ] Artifact Instance of 'FlutterRunnerSDKArtifacts' is not required, skipping update.
[        ]   [        ] Artifact Instance of 'FlutterRunnerDebugSymbols' is not required, skipping update.
[        ]   [        ] Artifact Instance of 'IosUsbArtifacts' is not required, skipping update.
[        ]   [        ] Artifact Instance of 'IosUsbArtifacts' is not required, skipping update.
[        ]   [        ] Artifact Instance of 'IosUsbArtifacts' is not required, skipping update.
[        ]   [        ] Artifact Instance of 'IosUsbArtifacts' is not required, skipping update.
[        ]   [        ] Artifact Instance of 'IosUsbArtifacts' is not required, skipping update.
[        ]   [        ] Artifact Instance of 'IosUsbArtifacts' is not required, skipping update.
[        ]   [        ] Artifact Instance of 'FontSubsetArtifacts' is not required, skipping update.
[        ]   [        ] Artifact Instance of 'PubDependencies' is not required, skipping update.
[  +49 ms]   [  +50 ms] Initializing file store
[  +23 ms]   [  +24 ms] Done initializing file store
[ +108 ms]   [ +108 ms] Skipping target: dart_build
[   +2 ms]   [   +2 ms] Skipping target: gen_dart_plugin_registrant
[+2689 ms]   [+2689 ms] Skipping target: unpack_windows
[   +9 ms]   [   +9 ms] Skipping target: install_code_assets
[        ]   [        ] Skipping target: gen_localizations
[ +800 ms]   [ +800 ms] Skipping target: kernel_snapshot_program
[  +35 ms]   [  +35 ms] Skipping target: aot_elf_release
[  +33 ms]   [  +33 ms] Skipping target: windows_aot_bundle
[  +60 ms]   [  +60 ms] Skipping target: release_bundle_windows-x64_assets
[        ]   [        ] Persisting file store
[  +21 ms]   [  +21 ms] Done persisting file store
[  +31 ms]   [  +31 ms] build succeeded.
[  +14 ms]   [  +14 ms] "flutter assemble" took 3,961ms.
[  +79 ms]   [  +79 ms] Running 1 shutdown hook
[   +2 ms]   [   +1 ms] Shutdown hooks complete
[ +255 ms]   [ +256 ms] exiting with code 0
[ +117 ms] FinalizeBuildStatus:
[        ]   Deleting file "x64\Release\flutter_assemble\flutter_assemble.tlog\unsuccessfulbuild".
[        ]   Touching "x64\Release\flutter_assemble\flutter_assemble.tlog\flutter_assemble.lastbuildstate".
[   +1 ms] Done Building Project "C:\Users\alida\StudioProjects\hasoob_app\build\windows\x64\flutter\flutter_assemble.vcxproj" (default targets).
[  +61 ms] Project "C:\Users\alida\StudioProjects\hasoob_app\build\windows\x64\plugins\cloud_firestore\cloud_firestore_plugin.vcxproj" (4) is building "C:\Users\alida\StudioProjects\hasoob_app\build\windows\x64\plugins\firebase_core\firebase_core_plugin.vcxproj" (6) on node 1 (default targets).
[        ] Project "C:\Users\alida\StudioProjects\hasoob_app\build\windows\x64\plugins\firebase_core\firebase_core_plugin.vcxproj" (6) is building "C:\Users\alida\StudioProjects\hasoob_app\build\windows\x64\flutter\flutter_wrapper_plugin.vcxproj" (7) on node 1 (default targets).
[        ] PrepareForBuild:
[        ]   Structured output is enabled. The formatting of compiler diagnostics will reflect the error hierarchy. See https://aka.ms/cpp/structured-output for more details.
[   +4 ms] InitializeBuildStatus:
[        ]   Creating "flutter_wrapper_plugin.dir\Release\flutter_.CC610072.tlog\unsuccessfulbuild" because "AlwaysCreate" was specified.
[        ]   Touching "flutter_wrapper_plugin.dir\Release\flutter_.CC610072.tlog\unsuccessfulbuild".
[   +3 ms] CustomBuild:
[        ]   All outputs are up-to-date.
[  +72 ms] ClCompile:
[        ]   All outputs are up-to-date.
[  +28 ms] Lib:
[        ]   All outputs are up-to-date.
[   +2 ms]   flutter_wrapper_plugin.vcxproj -> C:\Users\alida\StudioProjects\hasoob_app\build\windows\x64\flutter\Release\flutter_wrapper_plugin.lib
[  +24 ms] FinalizeBuildStatus:
[        ]   Deleting file "flutter_wrapper_plugin.dir\Release\flutter_.CC610072.tlog\unsuccessfulbuild".
[        ]   Touching "flutter_wrapper_plugin.dir\Release\flutter_.CC610072.tlog\flutter_wrapper_plugin.lastbuildstate".
[   +1 ms] Done Building Project "C:\Users\alida\StudioProjects\hasoob_app\build\windows\x64\flutter\flutter_wrapper_plugin.vcxproj" (default targets).
[  +10 ms] PrepareForBuild:
[        ]   Structured output is enabled. The formatting of compiler diagnostics will reflect the error hierarchy. See https://aka.ms/cpp/structured-output for more details.
[   +5 ms] InitializeBuildStatus:
[        ]   Creating "firebase_core_plugin.dir\Release\firebase.A0CDB13F.tlog\unsuccessfulbuild" because "AlwaysCreate" was specified.
[        ]   Touching "firebase_core_plugin.dir\Release\firebase.A0CDB13F.tlog\unsuccessfulbuild".
[  +12 ms] CustomBuild:
[        ]   All outputs are up-to-date.
[  +18 ms] ClCompile:
[        ]   All outputs are up-to-date.
[   +5 ms] Lib:
[        ]   All outputs are up-to-date.
[        ]   firebase_core_plugin.vcxproj -> C:\Users\alida\StudioProjects\hasoob_app\build\windows\x64\plugins\firebase_core\Release\firebase_core_plugin.lib
[  +11 ms] FinalizeBuildStatus:
[        ]   Deleting file "firebase_core_plugin.dir\Release\firebase.A0CDB13F.tlog\unsuccessfulbuild".
[        ]   Touching "firebase_core_plugin.dir\Release\firebase.A0CDB13F.tlog\firebase_core_plugin.lastbuildstate".
[   +1 ms] Done Building Project "C:\Users\alida\StudioProjects\hasoob_app\build\windows\x64\plugins\firebase_core\firebase_core_plugin.vcxproj" (default targets).
[   +9 ms] PrepareForBuild:
[        ]   Structured output is enabled. The formatting of compiler diagnostics will reflect the error hierarchy. See https://aka.ms/cpp/structured-output for more details.
[   +5 ms] InitializeBuildStatus:
[        ]   Creating "cloud_firestore_plugin.dir\Release\cloud_fi.58D42D4E.tlog\unsuccessfulbuild" because "AlwaysCreate" was specified.
[        ]   Touching "cloud_firestore_plugin.dir\Release\cloud_fi.58D42D4E.tlog\unsuccessfulbuild".
[   +3 ms] CustomBuild:
[        ]   All outputs are up-to-date.
[  +23 ms] ClCompile:
[        ]   All outputs are up-to-date.
[   +5 ms] Lib:
[        ]   All outputs are up-to-date.
[        ]   cloud_firestore_plugin.vcxproj -> C:\Users\alida\StudioProjects\hasoob_app\build\windows\x64\plugins\cloud_firestore\Release\cloud_firestore_plugin.lib
[  +10 ms] FinalizeBuildStatus:
[        ]   Deleting file "cloud_firestore_plugin.dir\Release\cloud_fi.58D42D4E.tlog\unsuccessfulbuild".
[        ]   Touching "cloud_firestore_plugin.dir\Release\cloud_fi.58D42D4E.tlog\cloud_firestore_plugin.lastbuildstate".
[   +1 ms] Done Building Project "C:\Users\alida\StudioProjects\hasoob_app\build\windows\x64\plugins\cloud_firestore\cloud_firestore_plugin.vcxproj" (default targets).
[  +31 ms] Project "C:\Users\alida\StudioProjects\hasoob_app\build\windows\x64\ALL_BUILD.vcxproj" (3) is building "C:\Users\alida\StudioProjects\hasoob_app\build\windows\x64\plugins\firebase_auth\firebase_auth_plugin.vcxproj" (8) on node 1 (default targets).
[        ] PrepareForBuild:
[        ]   Structured output is enabled. The formatting of compiler diagnostics will reflect the error hierarchy. See https://aka.ms/cpp/structured-output for more details.
[   +5 ms] InitializeBuildStatus:
[        ]   Creating "firebase_auth_plugin.dir\Release\firebase.A923C366.tlog\unsuccessfulbuild" because "AlwaysCreate" was specified.
[        ]   Touching "firebase_auth_plugin.dir\Release\firebase.A923C366.tlog\unsuccessfulbuild".
[   +3 ms] CustomBuild:
[        ]   All outputs are up-to-date.
[  +17 ms] ClCompile:
[        ]   All outputs are up-to-date.
[   +6 ms] Lib:
[        ]   All outputs are up-to-date.
[        ]   firebase_auth_plugin.vcxproj -> C:\Users\alida\StudioProjects\hasoob_app\build\windows\x64\plugins\firebase_auth\Release\firebase_auth_plugin.lib
[  +10 ms] FinalizeBuildStatus:
[        ]   Deleting file "firebase_auth_plugin.dir\Release\firebase.A923C366.tlog\unsuccessfulbuild".
[        ]   Touching "firebase_auth_plugin.dir\Release\firebase.A923C366.tlog\firebase_auth_plugin.lastbuildstate".
[   +1 ms] Done Building Project "C:\Users\alida\StudioProjects\hasoob_app\build\windows\x64\plugins\firebase_auth\firebase_auth_plugin.vcxproj" (default targets).
[  +33 ms] Project "C:\Users\alida\StudioProjects\hasoob_app\build\windows\x64\ALL_BUILD.vcxproj" (3) is building "C:\Users\alida\StudioProjects\hasoob_app\build\windows\x64\flutter\flutter_wrapper_app.vcxproj" (9) on node 1 (default targets).
[        ] PrepareForBuild:
[        ]   Structured output is enabled. The formatting of compiler diagnostics will reflect the error hierarchy. See https://aka.ms/cpp/structured-output for more details.
[  +10 ms] InitializeBuildStatus:
[        ]   Creating "flutter_wrapper_app.dir\Release\flutter_.419D5BB0.tlog\unsuccessfulbuild" because "AlwaysCreate" was specified.
[        ]   Touching "flutter_wrapper_app.dir\Release\flutter_.419D5BB0.tlog\unsuccessfulbuild".
[   +3 ms] CustomBuild:
[        ]   All outputs are up-to-date.
[  +13 ms] ClCompile:
[        ]   All outputs are up-to-date.
[   +5 ms] Lib:
[        ]   All outputs are up-to-date.
[        ]   flutter_wrapper_app.vcxproj -> C:\Users\alida\StudioProjects\hasoob_app\build\windows\x64\flutter\Release\flutter_wrapper_app.lib
[  +10 ms] FinalizeBuildStatus:
[        ]   Deleting file "flutter_wrapper_app.dir\Release\flutter_.419D5BB0.tlog\unsuccessfulbuild".
[        ]   Touching "flutter_wrapper_app.dir\Release\flutter_.419D5BB0.tlog\flutter_wrapper_app.lastbuildstate".
[   +1 ms] Done Building Project "C:\Users\alida\StudioProjects\hasoob_app\build\windows\x64\flutter\flutter_wrapper_app.vcxproj" (default targets).
[  +68 ms] Project "C:\Users\alida\StudioProjects\hasoob_app\build\windows\x64\ALL_BUILD.vcxproj" (3) is building "C:\Users\alida\StudioProjects\hasoob_app\build\windows\x64\runner\hasoob_app.vcxproj" (10) on node 1 (default targets).
[        ] Project "C:\Users\alida\StudioProjects\hasoob_app\build\windows\x64\runner\hasoob_app.vcxproj" (10) is building "C:\Users\alida\StudioProjects\hasoob_app\build\windows\x64\plugins\share_plus\share_plus_plugin.vcxproj" (11) on node 1 (default targets).
[        ] PrepareForBuild:
[        ]   Structured output is enabled. The formatting of compiler diagnostics will reflect the error hierarchy. See https://aka.ms/cpp/structured-output for more details.
[   +4 ms] InitializeBuildStatus:
[        ]   Creating "share_plus_plugin.dir\Release\share_pl.42B4136D.tlog\unsuccessfulbuild" because "AlwaysCreate" was specified.
[        ]   Touching "share_plus_plugin.dir\Release\share_pl.42B4136D.tlog\unsuccessfulbuild".
[   +3 ms] CustomBuild:
[        ]   All outputs are up-to-date.
[  +11 ms] ClCompile:
[        ]   All outputs are up-to-date.
[  +31 ms] Link:
[        ]   All outputs are up-to-date.
[   +3 ms]   share_plus_plugin.vcxproj -> C:\Users\alida\StudioProjects\hasoob_app\build\windows\x64\plugins\share_plus\Release\share_plus_plugin.dll
[  +10 ms] FinalizeBuildStatus:
[        ]   Deleting file "share_plus_plugin.dir\Release\share_pl.42B4136D.tlog\unsuccessfulbuild".
[        ]   Touching "share_plus_plugin.dir\Release\share_pl.42B4136D.tlog\share_plus_plugin.lastbuildstate".
[   +1 ms] Done Building Project "C:\Users\alida\StudioProjects\hasoob_app\build\windows\x64\plugins\share_plus\share_plus_plugin.vcxproj" (default targets).
[  +35 ms] Project "C:\Users\alida\StudioProjects\hasoob_app\build\windows\x64\runner\hasoob_app.vcxproj" (10) is building "C:\Users\alida\StudioProjects\hasoob_app\build\windows\x64\plugins\url_launcher_windows\url_launcher_windows_plugin.vcxproj" (12) on node 1 (default targets).
[        ] PrepareForBuild:
[        ]   Structured output is enabled. The formatting of compiler diagnostics will reflect the error hierarchy. See https://aka.ms/cpp/structured-output for more details.
[   +5 ms] InitializeBuildStatus:
[        ]   Creating "url_launcher_windows_plugin.dir\Release\url_laun.C4EB91AA.tlog\unsuccessfulbuild" because "AlwaysCreate" was specified.
[        ]   Touching "url_launcher_windows_plugin.dir\Release\url_laun.C4EB91AA.tlog\unsuccessfulbuild".
[   +2 ms] CustomBuild:
[        ]   All outputs are up-to-date.
[  +15 ms] ClCompile:
[        ]   All outputs are up-to-date.
[   +8 ms] Link:
[        ]   All outputs are up-to-date.
[        ]   url_launcher_windows_plugin.vcxproj -> C:\Users\alida\StudioProjects\hasoob_app\build\windows\x64\plugins\url_launcher_windows\Release\url_launcher_windows_plugin.dll
[  +10 ms] FinalizeBuildStatus:
[        ]   Deleting file "url_launcher_windows_plugin.dir\Release\url_laun.C4EB91AA.tlog\unsuccessfulbuild".
[        ]   Touching "url_launcher_windows_plugin.dir\Release\url_laun.C4EB91AA.tlog\url_launcher_windows_plugin.lastbuildstate".
[   +1 ms] Done Building Project "C:\Users\alida\StudioProjects\hasoob_app\build\windows\x64\plugins\url_launcher_windows\url_launcher_windows_plugin.vcxproj" (default targets).
[  +15 ms] PrepareForBuild:
[        ]   Structured output is enabled. The formatting of compiler diagnostics will reflect the error hierarchy. See https://aka.ms/cpp/structured-output for more details.
[   +4 ms] InitializeBuildStatus:
[        ]   Creating "hasoob_app.dir\Release\hasoob_app.tlog\unsuccessfulbuild" because "AlwaysCreate" was specified.
[        ]   Touching "hasoob_app.dir\Release\hasoob_app.tlog\unsuccessfulbuild".
[   +2 ms] CustomBuild:
[        ]   All outputs are up-to-date.
[  +30 ms] ClCompile:
[        ]   All outputs are up-to-date.
[   +8 ms] ResourceCompile:
[        ]   All outputs are up-to-date.
[  +12 ms] Link:
[        ]   All outputs are up-to-date.
[        ]   hasoob_app.vcxproj -> C:\Users\alida\StudioProjects\hasoob_app\build\windows\x64\runner\Release\hasoob_app.exe
[  +12 ms] FinalizeBuildStatus:
[        ]   Deleting file "hasoob_app.dir\Release\hasoob_app.tlog\unsuccessfulbuild".
[        ]   Touching "hasoob_app.dir\Release\hasoob_app.tlog\hasoob_app.lastbuildstate".
[   +1 ms] Done Building Project "C:\Users\alida\StudioProjects\hasoob_app\build\windows\x64\runner\hasoob_app.vcxproj" (default targets).
[   +9 ms] PrepareForBuild:
[        ]   Structured output is enabled. The formatting of compiler diagnostics will reflect the error hierarchy. See https://aka.ms/cpp/structured-output for more details.
[   +5 ms] InitializeBuildStatus:
[        ]   Creating "x64\Release\ALL_BUILD\ALL_BUILD.tlog\unsuccessfulbuild" because "AlwaysCreate" was specified.
[        ]   Touching "x64\Release\ALL_BUILD\ALL_BUILD.tlog\unsuccessfulbuild".
[   +3 ms] CustomBuild:
[        ]   All outputs are up-to-date.
[  +15 ms] FinalizeBuildStatus:
[        ]   Deleting file "x64\Release\ALL_BUILD\ALL_BUILD.tlog\unsuccessfulbuild".
[        ]   Touching "x64\Release\ALL_BUILD\ALL_BUILD.tlog\ALL_BUILD.lastbuildstate".
[   +1 ms] Done Building Project "C:\Users\alida\StudioProjects\hasoob_app\build\windows\x64\ALL_BUILD.vcxproj" (default targets).
[   +7 ms] PrepareForBuild:
[        ]   Structured output is enabled. The formatting of compiler diagnostics will reflect the error hierarchy. See https://aka.ms/cpp/structured-output for more details.
[   +5 ms] InitializeBuildStatus:
[        ]   Touching "x64\Release\INSTALL\INSTALL.tlog\unsuccessfulbuild".
[  +56 ms] CustomBuild:
[        ]   1>
[  +25 ms] PostBuildEvent:
[        ]   setlocal
[        ]   "C:\Program Files\Microsoft Visual Studio\18\Community\Common7\IDE\CommonExtensions\Microsoft\CMake\CMake\bin\cmake.exe" -DBUILD_TYPE=Release -P cmake_install.cmake
[        ]   if %errorlevel% neq 0 goto :cmEnd
[        ]   :cmEnd
[        ]   endlocal & call :cmErrorLevel %errorlevel% & goto :cmDone
[        ]   :cmErrorLevel
[        ]   exit /b %1
[        ]   :cmDone
[        ]   if %errorlevel% neq 0 goto :VCEnd
[        ]   :VCEnd
[  +94 ms]   -- Install configuration: "Release"
[  +28 ms]   CMake Error at cmake_install.cmake:105 (file):
[        ]     file cannot create directory: C:/Program Files/hasoob_app.  Maybe need
[        ]     administrative privileges.
[  +16 ms] C:\Program Files\Microsoft Visual Studio\18\Community\MSBuild\Microsoft\VC\v180\Microsoft.CppCommon.targets(166,5): error MSB3073: The command "setlocal 
[C:\Users\alida\StudioProjects\hasoob_app\build\windows\x64\INSTALL.vcxproj]
[        ] C:\Program Files\Microsoft Visual Studio\18\Community\MSBuild\Microsoft\VC\v180\Microsoft.CppCommon.targets(166,5): error MSB3073: "C:\Program Files\Microsoft Visual 
Studio\18\Community\Common7\IDE\CommonExtensions\Microsoft\CMake\CMake\bin\cmake.exe" -DBUILD_TYPE=Release -P cmake_install.cmake 
[C:\Users\alida\StudioProjects\hasoob_app\build\windows\x64\INSTALL.vcxproj]
[        ] C:\Program Files\Microsoft Visual Studio\18\Community\MSBuild\Microsoft\VC\v180\Microsoft.CppCommon.targets(166,5): error MSB3073: if %errorlevel% neq 0 goto :cmEnd 
[C:\Users\alida\StudioProjects\hasoob_app\build\windows\x64\INSTALL.vcxproj]
[        ] C:\Program Files\Microsoft Visual Studio\18\Community\MSBuild\Microsoft\VC\v180\Microsoft.CppCommon.targets(166,5): error MSB3073: :cmEnd 
[C:\Users\alida\StudioProjects\hasoob_app\build\windows\x64\INSTALL.vcxproj]
[        ] C:\Program Files\Microsoft Visual Studio\18\Community\MSBuild\Microsoft\VC\v180\Microsoft.CppCommon.targets(166,5): error MSB3073: endlocal & call :cmErrorLevel 
%errorlevel% & goto :cmDone [C:\Users\alida\StudioProjects\hasoob_app\build\windows\x64\INSTALL.vcxproj]
[        ] Done Building Project "C:\Users\alida\StudioProjects\hasoob_app\build\windows\x64\INSTALL.vcxproj" (default targets) -- FAILED.
[        ] C:\Program Files\Microsoft Visual Studio\18\Community\MSBuild\Microsoft\VC\v180\Microsoft.CppCommon.targets(166,5): error MSB3073: :cmErrorLevel 
[C:\Users\alida\StudioProjects\hasoob_app\build\windows\x64\INSTALL.vcxproj]
[        ] C:\Program Files\Microsoft Visual Studio\18\Community\MSBuild\Microsoft\VC\v180\Microsoft.CppCommon.targets(166,5): error MSB3073: exit /b %1 
[C:\Users\alida\StudioProjects\hasoob_app\build\windows\x64\INSTALL.vcxproj]
[        ] C:\Program Files\Microsoft Visual Studio\18\Community\MSBuild\Microsoft\VC\v180\Microsoft.CppCommon.targets(166,5): error MSB3073: :cmDone 
[C:\Users\alida\StudioProjects\hasoob_app\build\windows\x64\INSTALL.vcxproj]
[        ] C:\Program Files\Microsoft Visual Studio\18\Community\MSBuild\Microsoft\VC\v180\Microsoft.CppCommon.targets(166,5): error MSB3073: if %errorlevel% neq 0 goto :VCEnd 
[C:\Users\alida\StudioProjects\hasoob_app\build\windows\x64\INSTALL.vcxproj]
[        ] C:\Program Files\Microsoft Visual Studio\18\Community\MSBuild\Microsoft\VC\v180\Microsoft.CppCommon.targets(166,5): error MSB3073: :VCEnd" exited with code 1. 
[C:\Users\alida\StudioProjects\hasoob_app\build\windows\x64\INSTALL.vcxproj]
[   +3 ms] Build FAILED.
[        ] "C:\Users\alida\StudioProjects\hasoob_app\build\windows\x64\INSTALL.vcxproj" (default target) (1) ->
[        ] (PostBuildEvent target) -> 
[        ]   C:\Program Files\Microsoft Visual Studio\18\Community\MSBuild\Microsoft\VC\v180\Microsoft.CppCommon.targets(166,5): error MSB3073: The command "setlocal 
[C:\Users\alida\StudioProjects\hasoob_app\build\windows\x64\INSTALL.vcxproj]
[        ] C:\Program Files\Microsoft Visual Studio\18\Community\MSBuild\Microsoft\VC\v180\Microsoft.CppCommon.targets(166,5): error MSB3073: "C:\Program Files\Microsoft Visual 
Studio\18\Community\Common7\IDE\CommonExtensions\Microsoft\CMake\CMake\bin\cmake.exe" -DBUILD_TYPE=Release -P cmake_install.cmake 
[C:\Users\alida\StudioProjects\hasoob_app\build\windows\x64\INSTALL.vcxproj]
[        ] C:\Program Files\Microsoft Visual Studio\18\Community\MSBuild\Microsoft\VC\v180\Microsoft.CppCommon.targets(166,5): error MSB3073: if %errorlevel% neq 0 goto :cmEnd 
[C:\Users\alida\StudioProjects\hasoob_app\build\windows\x64\INSTALL.vcxproj]
[        ] C:\Program Files\Microsoft Visual Studio\18\Community\MSBuild\Microsoft\VC\v180\Microsoft.CppCommon.targets(166,5): error MSB3073: :cmEnd 
[C:\Users\alida\StudioProjects\hasoob_app\build\windows\x64\INSTALL.vcxproj]
[        ] C:\Program Files\Microsoft Visual Studio\18\Community\MSBuild\Microsoft\VC\v180\Microsoft.CppCommon.targets(166,5): error MSB3073: endlocal & call :cmErrorLevel 
%errorlevel% & goto :cmDone [C:\Users\alida\StudioProjects\hasoob_app\build\windows\x64\INSTALL.vcxproj]
[        ] C:\Program Files\Microsoft Visual Studio\18\Community\MSBuild\Microsoft\VC\v180\Microsoft.CppCommon.targets(166,5): error MSB3073: :cmErrorLevel 
[C:\Users\alida\StudioProjects\hasoob_app\build\windows\x64\INSTALL.vcxproj]
[        ] C:\Program Files\Microsoft Visual Studio\18\Community\MSBuild\Microsoft\VC\v180\Microsoft.CppCommon.targets(166,5): error MSB3073: exit /b %1 
[C:\Users\alida\StudioProjects\hasoob_app\build\windows\x64\INSTALL.vcxproj]
[        ] C:\Program Files\Microsoft Visual Studio\18\Community\MSBuild\Microsoft\VC\v180\Microsoft.CppCommon.targets(166,5): error MSB3073: :cmDone 
[C:\Users\alida\StudioProjects\hasoob_app\build\windows\x64\INSTALL.vcxproj]
[        ] C:\Program Files\Microsoft Visual Studio\18\Community\MSBuild\Microsoft\VC\v180\Microsoft.CppCommon.targets(166,5): error MSB3073: if %errorlevel% neq 0 goto :VCEnd 
[C:\Users\alida\StudioProjects\hasoob_app\build\windows\x64\INSTALL.vcxproj]
[        ] C:\Program Files\Microsoft Visual Studio\18\Community\MSBuild\Microsoft\VC\v180\Microsoft.CppCommon.targets(166,5): error MSB3073: :VCEnd" exited with code 1. 
[C:\Users\alida\StudioProjects\hasoob_app\build\windows\x64\INSTALL.vcxproj]
[        ]     0 Warning(s)
[        ]     1 Error(s)
[        ] Time Elapsed 00:00:07.56
[  +44 ms] Building Windows application... (completed in 9.3s)
[   +1 ms] "flutter windows" took 10,103ms.
[  +84 ms] Build process failed.
[        ] 
           #0      throwToolExit (package:flutter_tools/src/base/common.dart:34:3)
           #1      _runBuild (package:flutter_tools/src/windows/build_windows.dart:262:5)
           <asynchronous suspension>
           #2      buildWindows (package:flutter_tools/src/windows/build_windows.dart:118:5)
           <asynchronous suspension>
           #3      BuildWindowsCommand.runCommand (package:flutter_tools/src/commands/build_windows.dart:72:5)
           <asynchronous suspension>
           #4      FlutterCommand.run.<anonymous closure> (package:flutter_tools/src/runner/flutter_command.dart:1590:27)
           <asynchronous suspension>
           #5      AppContext.run.<anonymous closure> (package:flutter_tools/src/base/context.dart:154:19)
           <asynchronous suspension>
           #6      CommandRunner.runCommand (package:args/command_runner.dart:212:13)
           <asynchronous suspension>
           #7      FlutterCommandRunner.runCommand.<anonymous closure> (package:flutter_tools/src/runner/flutter_command_runner.dart:496:9)
           <asynchronous suspension>
           #8      AppContext.run.<anonymous closure> (package:flutter_tools/src/base/context.dart:154:19)
           <asynchronous suspension>
           #9      FlutterCommandRunner.runCommand (package:flutter_tools/src/runner/flutter_command_runner.dart:431:5)
           <asynchronous suspension>
           #10     FlutterCommandRunner.run.<anonymous closure> (package:flutter_tools/src/runner/flutter_command_runner.dart:307:33)
           <asynchronous suspension>
           #11     run.<anonymous closure>.<anonymous closure> (package:flutter_tools/runner.dart:104:11)
           <asynchronous suspension>
           #12     AppContext.run.<anonymous closure> (package:flutter_tools/src/base/context.dart:154:19)
           <asynchronous suspension>
           #13     main (package:flutter_tools/executable.dart:103:3)
           <asynchronous suspension>


[        ] Running 1 shutdown hook
[   +2 ms] Shutdown hooks complete
[  +66 ms] exiting with code 1
