Resolving dependencies...
Downloading packages...
  _flutterfire_internals 1.3.59 (1.3.71 available)
  cli_util 0.4.2 (0.5.1 available)
  cloud_firestore 5.6.12 (6.4.1 available)
  cloud_firestore_platform_interface 6.6.12 (8.0.1 available)
  cloud_firestore_web 4.4.12 (5.4.1 available)
  connectivity_plus 6.1.5 (7.1.1 available)
  dev_build 1.1.5+3 (1.1.7 available)
  firebase_analytics 11.6.0 (12.4.1 available)
  firebase_analytics_platform_interface 4.4.3 (6.0.1 available)
  firebase_analytics_web 0.5.10+16 (0.6.1+7 available)
  firebase_auth 5.7.0 (6.5.1 available)
  firebase_auth_platform_interface 7.7.3 (9.0.1 available)
  firebase_auth_web 5.15.3 (6.2.1 available)
  firebase_core 3.15.2 (4.9.0 available)
  firebase_core_platform_interface 6.0.3 (7.0.1 available)
  firebase_core_web 2.24.1 (3.7.0 available)
  fl_chart 0.69.2 (1.2.0 available)
  flutter_launcher_icons 0.13.1 (0.14.4 available)
  flutter_lints 3.0.2 (6.0.0 available)
  google_fonts 6.3.3 (8.1.0 available)
  hooks 1.0.2 (1.0.3 available)
  image_picker 1.2.1 (1.2.2 available)
  image_picker_android 0.8.13+16 (0.8.13+17 available)
  json_annotation 4.11.0 (4.12.0 available)
  lints 3.0.0 (6.1.0 available)
  matcher 0.12.19 (0.12.20 available)
  meta 1.17.0 (1.18.2 available)
  native_toolchain_c 0.17.6 (0.18.0 available)
  process_run 1.3.2 (1.3.3 available)
  share_plus 10.1.4 (13.1.0 available)
  share_plus_platform_interface 5.0.2 (7.1.0 available)
  sqflite 2.4.2 (2.4.2+1 available)
  sqflite_common 2.5.6 (2.5.7 available)
  sqflite_common_ffi 2.4.0+2 (2.4.0+3 available)
  synchronized 3.4.0 (3.4.0+1 available)
  test_api 0.7.10 (0.7.12 available)
  url_launcher_web 2.4.2 (2.4.3 available)
  vector_math 2.2.0 (2.3.0 available)
  vm_service 15.1.0 (15.2.0 available)
  win32 5.15.0 (6.2.0 available)
  xml 6.6.1 (7.0.1 available)
Got dependencies!
41 packages have newer versions incompatible with dependency constraints.
Try `flutter pub outdated` for more information.
00:00 +0: loading C:/Users/alida/StudioProjects/hasoob_app/test/inventory_reactivity_test.dart
00:00 +0: (setUpAll)
00:00 +0: watchProducts emits updated list when addProduct is called
TEST 1 START
TEST 1: Wait for initial emission
*** WARNING ***

Invalid argument null with type Null.
Only num, String and Uint8List are supported. See https://github.com/tekartik/sqflite/blob/master/sqflite/doc/supported_types.md for details

This will throw an exception in the future. For now it is displayed once per type.

    
#0      _checkArg (package:sqflite_common/src/value_utils.dart:31:7)
#1      checkWhereArgs (package:sqflite_common/src/value_utils.dart:71:7)
#2      new SqlBuilder.query (package:sqflite_common/src/sql_builder.dart:114:5)
#3      SqfliteDatabaseExecutorMixin.query (package:sqflite_common/src/database_mixin.dart:116:32)
#4      DBHelper.getProducts (package:hasoob_app/data/database/database_helper.dart:1373:15)
<asynchronous suspension>
#5      ProductRepository.getAllProducts (package:hasoob_app/data/repositories/product_repository.dart:81:20)
<asynchronous suspension>
#6      ProductRepository.watchProducts (package:hasoob_app/data/repositories/product_repository.dart:48:11)
<asynchronous suspension>
#7      List.add (dart:core-patch/growable_array.dart:283:3)
<asynchronous suspension>

TEST 1: emissions.length = 1
TEST 1: addProduct
[ProductRepository] addProduct started for p1
[ProductRepository] Inserting into local DB...
[DBHelper] insertProduct: Inserting into table products...
[DBHelper] insertProduct: Insert successful
Audit logging failed: [core/no-app] No Firebase App '[DEFAULT]' has been created - call Firebase.initializeApp()
[ProductRepository] Local DB insert successful
[ProductRepository] Enqueueing sync operation...
[Sync] sync requested
[ProductRepository] Sync enqueue successful
[ProductRepository] Notifying local change
TEST 1: Wait for reactivity
[ProductRepository] Yielding fresh products due to trigger
TEST 1: emissions.length = 2
TEST 1: cancel subscription
00:30 +0 -1: watchProducts emits updated list when addProduct is called [E]
  TimeoutException after 0:00:30.000000: Test timed out after 30 seconds. See https://pub.dev/packages/test#timeouts
  dart:isolate  _RawReceivePort._handleMessage
  
00:30 +0 -1: watchProducts emits updated list when deleteProduct is called
TEST 2 START
[ProductRepository] addProduct started for p2
[ProductRepository] Inserting into local DB...
[DBHelper] insertProduct: Inserting into table products...
[DBHelper] insertProduct: Insert successful
Audit logging failed: [core/no-app] No Firebase App '[DEFAULT]' has been created - call Firebase.initializeApp()
[ProductRepository] Local DB insert successful
[ProductRepository] Enqueueing sync operation...
[Sync] sync requested
[ProductRepository] Sync enqueue successful
[ProductRepository] Notifying local change
TEST 2: Wait for initial emission
00:30 +0 -1: watchProducts emits updated list when addProduct is called
[ProductRepository] Yielding fresh products due to trigger
TEST 1 END
00:30 +0 -1: watchProducts emits updated list when deleteProduct is called
TEST 2: emissions.length = 1
TEST 2: deleteProduct
Audit logging failed: [core/no-app] No Firebase App '[DEFAULT]' has been created - call Firebase.initializeApp()
[ProductRepository] Notifying local change
TEST 2: Wait for reactivity
[ProductRepository] Yielding fresh products due to trigger
TEST 2: emissions.length = 2
TEST 2: cancel subscription
01:00 +0 -2: watchProducts emits updated list when deleteProduct is called [E]
  TimeoutException after 0:00:30.000000: Test timed out after 30 seconds. See https://pub.dev/packages/test#timeouts
  dart:isolate  _RawReceivePort._handleMessage
  
01:00 +0 -2: (tearDownAll)
01:00 +0 -2: Some tests failed.
